Serie de pruebas para C:\Users\mari_\OneDrive\Escritorio\PROYECTOS\EMPRENDIMIENTOS\AnimalConnect\Tests\AnimalConnect.Backend.Tests\bin\Debug\net9.0\AnimalConnect.Backend.Tests.dll (.NETCoreApp,Version=v9.0)
Versi├│n 17.14.0 (x64) de VSTest

